// Jest Snapshot v1, https://goo.gl/fbAQLP

exports[`matches snapshot 1`] = `
<div>
  <form>
    <div
      class="chakra-form-control css-0"
      role="group"
      style="display: flex; flex-direction: column; gap: 30px;"
    >
      <div>
        <label
          class="chakra-form__label css-uvho5g"
          for="name"
          id="field-2373566330-2-label"
        >
          First name
        </label>
        <input
          class="chakra-input css-0"
          id="name"
          name="name"
          placeholder="name"
        />
      </div>
      <div>
        <label
          class="chakra-form__label css-uvho5g"
          for="name"
          id="field-2373566330-2-label"
        >
          호박너구리
        </label>
        <input
          class="chakra-input css-0"
          id="nickname"
          name="nickname"
          placeholder="nickname"
        />
      </div>
    </div>
    <button
      class="chakra-button css-q1ts0i"
      type="submit"
    >
      Submit
    </button>
  </form>
</div>
`;
