// Jest Snapshot v1, https://goo.gl/fbAQLP

exports[`matches snapshot 1`] = `
<div>
  <div
    class="css-1cvyltp"
  >
    <h2>
      너구리호박
    </h2>
    <p>
      INFP
    </p>
    <p>
      30
    </p>
  </div>
</div>
`;
